// Jest Snapshot v1, https://goo.gl/fbAQLP

exports[`<Body /> snapshot test 1`] = `
<div
  className="components-Body-Body__body-container--3Iujq"
>
  <section
    className="components-Body-Body__body--3PVBY"
  >
    content
  </section>
</div>
`;
