// Jest Snapshot v1, https://goo.gl/fbAQLP

exports[`<Table Skeleton Component /> Skeleton renders correctly 1`] = `<renderSkeletonLoader />`;
