// Jest Snapshot v1, https://goo.gl/fbAQLP

exports[`<SignInLoader /> snapshot test 1`] = `
<div
  className="components-AppContainer-AppContainer__app"
>
  <div
    className="components-Body-Body__body-container"
  >
    <section
      className="components-Body-Body__body"
    >
      <div
        className="components-Center-Center__center--expand components-Center-Center__center"
      >
        <div
          className="components-AppCenterDisplay-AppCenterDisplay__app-center-display"
        >
          <div
            className="MuiCircularProgress-root MuiCircularProgress-colorPrimary MuiCircularProgress-indeterminate"
            role="progressbar"
            style={
              Object {
                "height": 50,
                "width": 50,
              }
            }
          >
            <svg
              className="MuiCircularProgress-svg"
              viewBox="22 22 44 44"
            >
              <circle
                className="MuiCircularProgress-circle MuiCircularProgress-circleIndeterminate"
                cx={44}
                cy={44}
                fill="none"
                r={20.2}
                strokeWidth={3.6}
                style={Object {}}
              />
            </svg>
          </div>
          <br />
          Signing In...
        </div>
      </div>
    </section>
  </div>
  <footer
    className="components-Footer-Footer__footer"
  >
    Â© Nationstar Mortgage LLC, All rights reserved
  </footer>
</div>
`;
