// Jest Snapshot v1, https://goo.gl/fbAQLP

exports[`<AppCenterDisplay /> snapshot test 1`] = `
<div
  className="components-AppContainer-AppContainer__app--_pvE9"
>
  header
  <div
    className="components-Body-Body__body-container--3Iujq"
  >
    <section
      className="components-Body-Body__body--3PVBY"
    >
      <div
        className="components-Center-Center__center--expand--1OMMm components-Center-Center__center--QKyYo"
      >
        <div
          className="components-AppCenterDisplay-AppCenterDisplay__app-center-display--2ZCSr"
        >
          content
        </div>
      </div>
    </section>
  </div>
  <footer
    className="components-Footer-Footer__footer--2oWe5"
  >
    Â© Nationstar Mortgage LLC, All rights reserved
  </footer>
</div>
`;
