// Jest Snapshot v1, https://goo.gl/fbAQLP

exports[`<Loader /> snapshot test 1`] = `
<div
  className="components-Center-Center__center--expand--1OMMm components-Center-Center__center--QKyYo"
>
  <span
    className="components-Loader-Loader__message--fhm4A"
  >
    <div
      className="MuiCircularProgress-root-1 MuiCircularProgress-colorPrimary-4 MuiCircularProgress-indeterminate-3"
      role="progressbar"
      style={
        Object {
          "height": 50,
          "width": 50,
        }
      }
    >
      <svg
        className="MuiCircularProgress-svg-6"
        viewBox="22 22 44 44"
      >
        <circle
          className="MuiCircularProgress-circle-7 MuiCircularProgress-circleIndeterminate-9"
          cx={44}
          cy={44}
          fill="none"
          r={20.2}
          strokeWidth={3.6}
          style={Object {}}
        />
      </svg>
    </div>
    
  </span>
</div>
`;
