// Jest Snapshot v1, https://goo.gl/fbAQLP

exports[`<Footer /> snapshot test 1`] = `
<footer
  className="components-Footer-Footer__footer--2oWe5"
>
  Â© Nationstar Mortgage LLC, All rights reserved
</footer>
`;
