// Jest Snapshot v1, https://goo.gl/fbAQLP

exports[`<EndShift /> snapshot test 1`] = `
<button
  className="MuiButtonBase-root-27 MuiButton-root-1 MuiButton-text-3 MuiButton-textPrimary-4 MuiButton-outlined-9 MuiButton-outlinedPrimary-10 material-ui-button components-ContentHeader-EndShift-EndShift__end-shift--2UamN"
  disabled={false}
  onBlur={[Function]}
  onClick={[Function]}
  onFocus={[Function]}
  onKeyDown={[Function]}
  onKeyUp={[Function]}
  onMouseDown={[Function]}
  onMouseLeave={[Function]}
  onMouseUp={[Function]}
  onTouchEnd={[Function]}
  onTouchMove={[Function]}
  onTouchStart={[Function]}
  tabIndex="0"
  type="button"
>
  <span
    className="MuiButton-label-2"
  >
    <svg
      aria-hidden="true"
      className="MuiSvgIcon-root-30"
      focusable="false"
      role="presentation"
      viewBox="0 0 24 24"
    >
      <path
        d="M0 0h24v24H0z"
        fill="none"
      />
      <path
        d="M6 6h12v12H6z"
      />
    </svg>
    End Shift
  </span>
  <span
    className="MuiTouchRipple-root-39"
  />
</button>
`;
