// Jest Snapshot v1, https://goo.gl/fbAQLP

exports[`<UnauthorizedPage /> snapshot test 1`] = `
<div
  className="components-AppContainer-AppContainer__app"
>
  <header
    className="components-UnauthorizedAppHeader-UnauthorizedAppHeader__header"
  >
    <img
      alt="logo"
      src="/static/img/logo.png"
    />
    <span
      className="components-UnauthorizedAppHeader-UnauthorizedAppHeader__spacer"
    />
  </header>
  <div
    className="components-Body-Body__body-container"
  >
    <section
      className="components-Body-Body__body"
    >
      <div
        className="components-Center-Center__center--expand components-Center-Center__center"
      >
        <div
          className="components-AppCenterDisplay-AppCenterDisplay__app-center-display"
        >
          <div
            className="components-UnauthorizedPage-UnauthorizedPage__column"
          >
            <svg
              aria-hidden="true"
              className="MuiSvgIcon-root-1 components-UnauthorizedPage-UnauthorizedPage__error-icon"
              focusable="false"
              role="presentation"
              viewBox="0 0 24 24"
            >
              <path
                d="M0 0h24v24H0z"
                fill="none"
              />
              <path
                d="M12 2C6.48 2 2 6.48 2 12s4.48 10 10 10 10-4.48 10-10S17.52 2 12 2zm1 15h-2v-2h2v2zm0-4h-2V7h2v6z"
              />
            </svg>
            <span
              className="components-UnauthorizedPage-UnauthorizedPage__message"
            >
              <span>
                You have not been assigned to the app. Kindly contact the support team.
              </span>
              <br />
              <span />
            </span>
          </div>
        </div>
      </div>
    </section>
  </div>
  <footer
    className="components-Footer-Footer__footer"
  >
    Â© Nationstar Mortgage LLC, All rights reserved
  </footer>
</div>
`;
