// Jest Snapshot v1, https://goo.gl/fbAQLP

exports[`renders <EvalTable /> when selected index is 0 snapshot test 1`] = `
<div
  className="MuiPaper-root MuiTableContainer-root components-AdditionalInfo-EvalTable__container MuiPaper-elevation1 MuiPaper-rounded"
>
  <table
    aria-label="collapsible table"
    className="MuiTable-root components-AdditionalInfo-EvalTable__tableStyle"
    fixedHeader={false}
    role={null}
  >
    <thead
      className="MuiTableHead-root components-AdditionalInfo-EvalTable__head"
      role={null}
    >
      <tr
        className="MuiTableRow-root MuiTableRow-head"
        role={null}
      >
        <th
          aria-sort={null}
          className="MuiTableCell-root MuiTableCell-head components-AdditionalInfo-EvalTable__headStyle MuiTableCell-alignCenter MuiTableCell-sizeSmall"
          colSpan={1}
          scope="col"
        >
          EVAL ID
        </th>
        <th
          aria-sort={null}
          className="MuiTableCell-root MuiTableCell-head components-AdditionalInfo-EvalTable__headStyle MuiTableCell-alignCenter MuiTableCell-sizeSmall"
          colSpan={1}
          scope="col"
        >
          RESOLUTION ID
        </th>
        <th
          aria-sort={null}
          className="MuiTableCell-root MuiTableCell-head components-AdditionalInfo-EvalTable__headStyle MuiTableCell-alignCenter MuiTableCell-sizeSmall"
          colSpan={1}
          scope="col"
        >
          STATUS
        </th>
        <th
          aria-sort={null}
          className="MuiTableCell-root MuiTableCell-head components-AdditionalInfo-EvalTable__headStyle MuiTableCell-alignCenter MuiTableCell-sizeSmall"
          colSpan={2}
          scope="col"
        >
          STATUS DATE
        </th>
        <th
          aria-sort={null}
          className="MuiTableCell-root MuiTableCell-head components-AdditionalInfo-EvalTable__headStyle MuiTableCell-alignCenter MuiTableCell-sizeSmall"
          colSpan={1}
          scope="col"
        >
          SUBSTATUS
        </th>
        <th
          aria-sort={null}
          className="MuiTableCell-root MuiTableCell-head components-AdditionalInfo-EvalTable__headStyle MuiTableCell-alignCenter MuiTableCell-sizeSmall"
          colSpan={2}
          scope="col"
        >
          SUBSTATUS DATE
        </th>
        <th
          aria-sort={null}
          className="MuiTableCell-root MuiTableCell-head components-AdditionalInfo-EvalTable__headStyle MuiTableCell-alignCenter MuiTableCell-sizeSmall"
          colSpan={1}
          scope="col"
        >
          SEARCH HISTORY
        </th>
      </tr>
    </thead>
    <tbody
      className="MuiTableBody-root"
      role={null}
    >
      <tr
        className="MuiTableRow-root root "
        onClick={[Function]}
        role={null}
      >
        <th
          aria-sort={null}
          className="MuiTableCell-root MuiTableCell-body MuiTableCell-alignCenter MuiTableCell-sizeSmall"
          colSpan={1}
          role="cell"
          scope="row"
        >
          evalId
        </th>
        <td
          aria-sort={null}
          className="MuiTableCell-root MuiTableCell-body MuiTableCell-alignCenter MuiTableCell-sizeSmall"
        >
          resolutionId
        </td>
        <td
          aria-sort={null}
          className="MuiTableCell-root MuiTableCell-body MuiTableCell-alignCenter MuiTableCell-sizeSmall"
        >
          status
        </td>
        <td
          aria-sort={null}
          className="MuiTableCell-root MuiTableCell-body MuiTableCell-alignCenter MuiTableCell-sizeSmall"
          colSpan={2}
        >
          Invalid date
        </td>
        <td
          aria-sort={null}
          className="MuiTableCell-root MuiTableCell-body MuiTableCell-alignCenter MuiTableCell-sizeSmall"
          colSpan={1}
        >
          subStatus
        </td>
        <td
          aria-sort={null}
          className="MuiTableCell-root MuiTableCell-body MuiTableCell-alignCenter MuiTableCell-sizeSmall"
          colSpan={2}
        >
          Invalid date
        </td>
        <td
          aria-sort={null}
          className="MuiTableCell-root MuiTableCell-body MuiTableCell-alignCenter MuiTableCell-sizeSmall"
          onClick={[Function]}
          style={
            Object {
              "color": "lightseagreen",
              "whiteSpace": "nowrap",
            }
          }
        >
          Show History 
        </td>
      </tr>
      <tr
        className="MuiTableRow-root root components-AdditionalInfo-Row__setBackground"
        onClick={[Function]}
        role={null}
      >
        <th
          aria-sort={null}
          className="MuiTableCell-root MuiTableCell-body MuiTableCell-alignCenter MuiTableCell-sizeSmall"
          colSpan={1}
          role="cell"
          scope="row"
        >
          evalId1
        </th>
        <td
          aria-sort={null}
          className="MuiTableCell-root MuiTableCell-body MuiTableCell-alignCenter MuiTableCell-sizeSmall"
        >
          resolutionId1
        </td>
        <td
          aria-sort={null}
          className="MuiTableCell-root MuiTableCell-body MuiTableCell-alignCenter MuiTableCell-sizeSmall"
        >
          status1
        </td>
        <td
          aria-sort={null}
          className="MuiTableCell-root MuiTableCell-body MuiTableCell-alignCenter MuiTableCell-sizeSmall"
          colSpan={2}
        >
          Invalid date
        </td>
        <td
          aria-sort={null}
          className="MuiTableCell-root MuiTableCell-body MuiTableCell-alignCenter MuiTableCell-sizeSmall"
          colSpan={1}
        >
          subStatus1
        </td>
        <td
          aria-sort={null}
          className="MuiTableCell-root MuiTableCell-body MuiTableCell-alignCenter MuiTableCell-sizeSmall"
          colSpan={2}
        >
          Invalid date
        </td>
        <td
          aria-sort={null}
          className="MuiTableCell-root MuiTableCell-body MuiTableCell-alignCenter MuiTableCell-sizeSmall"
          onClick={[Function]}
          style={
            Object {
              "color": "lightseagreen",
              "whiteSpace": "nowrap",
            }
          }
        >
          Show History 
        </td>
      </tr>
      <tr
        className="MuiTableRow-root"
        role={null}
        style={
          Object {
            "height": 767,
          }
        }
      >
        <td
          aria-sort={null}
          className="MuiTableCell-root MuiTableCell-body components-AdditionalInfo-EvalTable__headStyle MuiTableCell-sizeSmall"
          colSpan={6}
        />
      </tr>
    </tbody>
  </table>
</div>
`;

exports[`renders <EvalTable /> when selected index is 1 snapshot test 1`] = `
<div
  className="MuiPaper-root MuiTableContainer-root components-AdditionalInfo-EvalTable__container MuiPaper-elevation1 MuiPaper-rounded"
>
  <table
    aria-label="collapsible table"
    className="MuiTable-root components-AdditionalInfo-EvalTable__tableStyle"
    fixedHeader={false}
    role={null}
  >
    <thead
      className="MuiTableHead-root components-AdditionalInfo-EvalTable__head"
      role={null}
    >
      <tr
        className="MuiTableRow-root MuiTableRow-head"
        role={null}
      >
        <th
          aria-sort={null}
          className="MuiTableCell-root MuiTableCell-head components-AdditionalInfo-EvalTable__headStyle MuiTableCell-alignCenter MuiTableCell-sizeSmall"
          colSpan={1}
          scope="col"
        >
          EVAL ID
        </th>
        <th
          aria-sort={null}
          className="MuiTableCell-root MuiTableCell-head components-AdditionalInfo-EvalTable__headStyle MuiTableCell-alignCenter MuiTableCell-sizeSmall"
          colSpan={1}
          scope="col"
        >
          RESOLUTION ID
        </th>
        <th
          aria-sort={null}
          className="MuiTableCell-root MuiTableCell-head components-AdditionalInfo-EvalTable__headStyle MuiTableCell-alignCenter MuiTableCell-sizeSmall"
          colSpan={1}
          scope="col"
        >
          STATUS
        </th>
        <th
          aria-sort={null}
          className="MuiTableCell-root MuiTableCell-head components-AdditionalInfo-EvalTable__headStyle MuiTableCell-alignCenter MuiTableCell-sizeSmall"
          colSpan={2}
          scope="col"
        >
          STATUS DATE
        </th>
        <th
          aria-sort={null}
          className="MuiTableCell-root MuiTableCell-head components-AdditionalInfo-EvalTable__headStyle MuiTableCell-alignCenter MuiTableCell-sizeSmall"
          colSpan={1}
          scope="col"
        >
          SUBSTATUS
        </th>
        <th
          aria-sort={null}
          className="MuiTableCell-root MuiTableCell-head components-AdditionalInfo-EvalTable__headStyle MuiTableCell-alignCenter MuiTableCell-sizeSmall"
          colSpan={2}
          scope="col"
        >
          SUBSTATUS DATE
        </th>
        <th
          aria-sort={null}
          className="MuiTableCell-root MuiTableCell-head components-AdditionalInfo-EvalTable__headStyle MuiTableCell-alignCenter MuiTableCell-sizeSmall"
          colSpan={1}
          scope="col"
        >
          SEARCH HISTORY
        </th>
      </tr>
    </thead>
    <tbody
      className="MuiTableBody-root"
      role={null}
    >
      <tr
        className="MuiTableRow-root root "
        onClick={[Function]}
        role={null}
      >
        <th
          aria-sort={null}
          className="MuiTableCell-root MuiTableCell-body MuiTableCell-alignCenter MuiTableCell-sizeSmall"
          colSpan={1}
          role="cell"
          scope="row"
        >
          evalId
        </th>
        <td
          aria-sort={null}
          className="MuiTableCell-root MuiTableCell-body MuiTableCell-alignCenter MuiTableCell-sizeSmall"
        >
          resolutionId
        </td>
        <td
          aria-sort={null}
          className="MuiTableCell-root MuiTableCell-body MuiTableCell-alignCenter MuiTableCell-sizeSmall"
        >
          status
        </td>
        <td
          aria-sort={null}
          className="MuiTableCell-root MuiTableCell-body MuiTableCell-alignCenter MuiTableCell-sizeSmall"
          colSpan={2}
        >
          Invalid date
        </td>
        <td
          aria-sort={null}
          className="MuiTableCell-root MuiTableCell-body MuiTableCell-alignCenter MuiTableCell-sizeSmall"
          colSpan={1}
        >
          subStatus
        </td>
        <td
          aria-sort={null}
          className="MuiTableCell-root MuiTableCell-body MuiTableCell-alignCenter MuiTableCell-sizeSmall"
          colSpan={2}
        >
          Invalid date
        </td>
        <td
          aria-sort={null}
          className="MuiTableCell-root MuiTableCell-body MuiTableCell-alignCenter MuiTableCell-sizeSmall"
          onClick={[Function]}
          style={
            Object {
              "color": "lightseagreen",
              "whiteSpace": "nowrap",
            }
          }
        >
          Show History 
        </td>
      </tr>
      <tr
        className="MuiTableRow-root root components-AdditionalInfo-Row__setBackground"
        onClick={[Function]}
        role={null}
      >
        <th
          aria-sort={null}
          className="MuiTableCell-root MuiTableCell-body MuiTableCell-alignCenter MuiTableCell-sizeSmall"
          colSpan={1}
          role="cell"
          scope="row"
        >
          evalId1
        </th>
        <td
          aria-sort={null}
          className="MuiTableCell-root MuiTableCell-body MuiTableCell-alignCenter MuiTableCell-sizeSmall"
        >
          resolutionId1
        </td>
        <td
          aria-sort={null}
          className="MuiTableCell-root MuiTableCell-body MuiTableCell-alignCenter MuiTableCell-sizeSmall"
        >
          status1
        </td>
        <td
          aria-sort={null}
          className="MuiTableCell-root MuiTableCell-body MuiTableCell-alignCenter MuiTableCell-sizeSmall"
          colSpan={2}
        >
          Invalid date
        </td>
        <td
          aria-sort={null}
          className="MuiTableCell-root MuiTableCell-body MuiTableCell-alignCenter MuiTableCell-sizeSmall"
          colSpan={1}
        >
          subStatus1
        </td>
        <td
          aria-sort={null}
          className="MuiTableCell-root MuiTableCell-body MuiTableCell-alignCenter MuiTableCell-sizeSmall"
          colSpan={2}
        >
          Invalid date
        </td>
        <td
          aria-sort={null}
          className="MuiTableCell-root MuiTableCell-body MuiTableCell-alignCenter MuiTableCell-sizeSmall"
          onClick={[Function]}
          style={
            Object {
              "color": "lightseagreen",
              "whiteSpace": "nowrap",
            }
          }
        >
          Show History 
        </td>
      </tr>
      <tr
        className="MuiTableRow-root"
        role={null}
        style={
          Object {
            "height": 767,
          }
        }
      >
        <td
          aria-sort={null}
          className="MuiTableCell-root MuiTableCell-body components-AdditionalInfo-EvalTable__headStyle MuiTableCell-sizeSmall"
          colSpan={6}
        />
      </tr>
    </tbody>
  </table>
</div>
`;
