// Jest Snapshot v1, https://goo.gl/fbAQLP

exports[`<TombstoneError /> snapshot test 1`] = `
<section
  className="components-Tombstone-TombstoneLoader__tombstone-loader"
>
  <svg
    aria-hidden={true}
    className="MuiSvgIcon-root MuiSvgIcon-fontSizeLarge"
    focusable="false"
    viewBox="0 0 24 24"
  >
    <path
      d="M12 2C6.48 2 2 6.48 2 12s4.48 10 10 10 10-4.48 10-10S17.52 2 12 2zm1 15h-2v-2h2v2zm0-4h-2V7h2v6z"
    />
  </svg>
</section>
`;

exports[`<TombstoneLoader /> snapshot test 1`] = `
<section
  className="components-Tombstone-TombstoneLoader__tombstone-loader"
>
  <div
    className="MuiCircularProgress-root MuiCircularProgress-colorPrimary MuiCircularProgress-indeterminate"
    role="progressbar"
    style={
      Object {
        "height": "2rem",
        "width": "2rem",
      }
    }
  >
    <svg
      className="MuiCircularProgress-svg"
      viewBox="22 22 44 44"
    >
      <circle
        className="MuiCircularProgress-circle MuiCircularProgress-circleIndeterminate"
        cx={44}
        cy={44}
        fill="none"
        r={20.2}
        strokeWidth={3.6}
        style={Object {}}
      />
    </svg>
  </div>
</section>
`;
