// Jest Snapshot v1, https://goo.gl/fbAQLP

exports[`<MainContent /> snapshot test 1`] = `
<article
  className="components-MainContent-MainContent__main-content"
>
  content 
</article>
`;
